ARM Linker, 4.1 [Build 894] [Professional (MDK + RL-ARM)]

==============================================================================

Section Cross References

    main.o(.text) refers to os_task.o(.text) for OSTaskCreate
    main.o(.text) refers to appbmu.o(.text) for updateBP_BM
    main.o(.text) refers to stm32f4xx_gpio.o(.text) for GPIO_ToggleBits
    main.o(.text) refers to os_time.o(.text) for OSTimeDly
    main.o(.text) refers to bsp_global.o(.text) for BSP_Init
    main.o(.text) refers to appconfig.o(.text) for SCInit
    main.o(.text) refers to os_core.o(.text) for OSInit
    main.o(.text) refers to system_stm32f4xx.o(.data) for SystemCoreClock
    main.o(.text) refers to task_can2.o(.bss) for Stk_Task_CAN2_Rev
    main.o(.text) refers to task_can2.o(.text) for Task_CAN2_Rev
    main.o(.text) refers to task_can1.o(.bss) for Stk_Task_CO
    main.o(.text) refers to task_can1.o(.text) for Task_CO
    main.o(.text) refers to task_avchg.o(.bss) for Stk_Task_AVChg
    main.o(.text) refers to task_avchg.o(.text) for Task_AVChg
    main.o(.text) refers to task_main.o(.bss) for Stk_Task_Main
    main.o(.text) refers to task_main.o(.text) for Task_Main
    main.o(.text) refers to task_syscheck.o(.bss) for Stk_TaskFaultCheck
    main.o(.text) refers to task_syscheck.o(.text) for Task_FaultCheck
    main.o(.text) refers to task_wifi.o(.bss) for Stk_Task_WIFI
    main.o(.text) refers to task_wifi.o(.text) for Task_wifi
    main.o(.text) refers to main.o(.data) for main_loop_count
    main.o(.text) refers to task_test.o(.bss) for Stk_Task_HTTP
    main.o(.text) refers to mbtcp_task.o(.text) for mbtcp_task
    main.o(.text) refers to main.o(.bss) for Stk_TaskStartUp
    task_test.o(.text) refers to os_time.o(.text) for OSTimeDlyHMSM
    task_test.o(.text) refers to stm32f4x7_eth_bsp.o(.text) for ETH_BSP_Config
    task_test.o(.text) refers to netconf.o(.text) for LwIP_Init
    task_test.o(.text) refers to httpd.o(.text) for httpd_init
    task_test.o(.text) refers to 24c02.o(.text) for I2C_Write
    appbmu.o(.text) refers to os_sem.o(.text) for OSSemPost
    appbmu.o(.text) refers to memcpya.o(.text) for __aeabi_memcpy
    appbmu.o(.text) refers to task_adc.o(.text) for Task_ADC
    appbmu.o(.text) refers to os_time.o(.text) for OSTimeGet
    appbmu.o(.text) refers to systick.o(.text) for timeDiff
    appbmu.o(.text) refers to task_syscheck.o(.data) for sem_bmu_can_rev
    appbmu.o(.text) refers to task_main.o(.bss) for bmInfo
    appbmu.o(.text) refers to appbmu.o(.bss) for bmu
    appbmu.o(.text) refers to appbmu.o(.data) for loseBMU_tm
    appbmu.o(.text) refers to uldiv.o(.text) for __aeabi_uldivmod
    task_can1.o(.text) refers to os_sem.o(.text) for OSSemCreate
    task_can1.o(.text) refers to systick.o(.text) for timeDiff
    task_can1.o(.text) refers to states.o(.text) for canDispatch
    task_can1.o(.text) refers to memcpya.o(.text) for __aeabi_memcpy4
    task_can1.o(.text) refers to canopenobjdictconfig.o(.text) for CanopenInit
    task_can1.o(.text) refers to os_time.o(.text) for OSTimeDly
    task_can1.o(.text) refers to sdo.o(.text) for initSDOline
    task_can1.o(.text) refers to task_can1.o(.data) for sem_CAN1_rec_flag
    task_can1.o(.text) refers to bsp_can.o(.data) for can1_rec_flag
    task_can1.o(.text) refers to task_main.o(.bss) for sysInfo
    task_can1.o(.text) refers to os_core.o(.data) for OSTime
    task_can1.o(.text) refers to bsp_can.o(.bss) for CAN1RxMsg
    task_can1.o(.text) refers to globalvar.o(.data) for CANOpenMasterObject
    task_can1.o(.text) refers to appbmu.o(.bss) for bmu
    task_can1.o(.text) refers to bsp_can.o(.text) for CAN1_WriteData
    task_can1.o(.text) refers to bsp_adc.o(.bss) for ADC_RCVTab
    task_can2.o(.text) refers to os_sem.o(.text) for OSSemPost
    task_can2.o(.text) refers to task_eflash.o(.text) for NVM_SysinfoWrite
    task_can2.o(.text) refers to bsp_can.o(.text) for CAN2_WriteData
    task_can2.o(.text) refers to task_main.o(.bss) for bmInfo
    task_can2.o(.text) refers to task_syscheck.o(.data) for sem_fault_clr
    task_can2.o(.text) refers to shed_ctrl.o(.text) for schnider_parse
    task_can2.o(.text) refers to stm32f4xx_gpio.o(.text) for GPIO_ResetBits
    task_can2.o(.text) refers to systick.o(.text) for timeDiff
    task_can2.o(.text) refers to task_main.o(.data) for vcuInfo
    task_can2.o(.text) refers to task_can2.o(.data) for sem_CAN2_rec_flag
    task_can2.o(.text) refers to bsp_can.o(.data) for can2_rec_flag
    task_can2.o(.text) refers to os_core.o(.data) for OSTime
    task_can2.o(.text) refers to bsp_can.o(.bss) for CAN2RxMsg
    task_can2.o(.text) refers to bsp_adc.o(.bss) for ADC_RCVTab
    task_can2.o(.text) refers to task_adc.o(.bss) for ad_res
    task_can2.o(.text) refers to uldiv.o(.text) for __aeabi_uldivmod
    task_can2.o(.text) refers to os_time.o(.text) for OSTimeDly
    task_can2.o(.text) refers to stm32f4xx_can.o(.text) for CAN_Transmit
    task_can2.o(.text) refers to memcpya.o(.text) for __aeabi_memcpy4
[...]
    etharp_output                            0x08012d49   Thumb Code   194  etharp.o(.text)
    ethernet_input                           0x08012e0b   Thumb Code   124  etharp.o(.text)
    ethernetif_input                         0x08012fcd   Thumb Code    44  ethernetif.o(.text)
    ethernetif_init                          0x08012ff9   Thumb Code    38  ethernetif.o(.text)
    ETH_DeInit                               0x08013053   Thumb Code    22  stm32f4x7_eth.o(.text)
    ETH_StructInit                           0x08013069   Thumb Code   178  stm32f4x7_eth.o(.text)
    ETH_WritePHYRegister                     0x0801311b   Thumb Code    88  stm32f4x7_eth.o(.text)
    ETH_ReadPHYRegister                      0x08013173   Thumb Code    86  stm32f4x7_eth.o(.text)
    ETH_Init                                 0x080131c9   Thumb Code   632  stm32f4x7_eth.o(.text)
    ETH_DMAReceptionCmd                      0x08013441   Thumb Code    30  stm32f4x7_eth.o(.text)
    ETH_DMATransmissionCmd                   0x0801345f   Thumb Code    30  stm32f4x7_eth.o(.text)
    ETH_MACReceptionCmd                      0x0801347d   Thumb Code    30  stm32f4x7_eth.o(.text)
    ETH_FlushTransmitFIFO                    0x0801349b   Thumb Code    14  stm32f4x7_eth.o(.text)
    ETH_MACTransmissionCmd                   0x080134a9   Thumb Code    30  stm32f4x7_eth.o(.text)
    ETH_Start                                0x080134c7   Thumb Code    32  stm32f4x7_eth.o(.text)
    ETH_GetFlowControlBusyStatus             0x080134e7   Thumb Code    20  stm32f4x7_eth.o(.text)
    ETH_InitiatePauseControlFrame            0x080134fb   Thumb Code    58  stm32f4x7_eth.o(.text)
    ETH_BackPressureActivationCmd            0x08013535   Thumb Code    30  stm32f4x7_eth.o(.text)
    ETH_GetMACFlagStatus                     0x08013553   Thumb Code    20  stm32f4x7_eth.o(.text)
    ETH_GetMACITStatus                       0x08013567   Thumb Code    20  stm32f4x7_eth.o(.text)
    ETH_MACITConfig                          0x0801357b   Thumb Code    26  stm32f4x7_eth.o(.text)
    ETH_MACAddressConfig                     0x08013595   Thumb Code    46  stm32f4x7_eth.o(.text)
    ETH_GetMACAddress                        0x080135c3   Thumb Code    36  stm32f4x7_eth.o(.text)
    ETH_MACAddressPerfectFilterCmd           0x080135e7   Thumb Code    38  stm32f4x7_eth.o(.text)
    ETH_MACAddressFilterConfig               0x0801360d   Thumb Code    40  stm32f4x7_eth.o(.text)
    ETH_MACAddressMaskBytesFilterConfig      0x08013635   Thumb Code    32  stm32f4x7_eth.o(.text)
    ETH_Get_Received_Frame                   0x08013655   Thumb Code   108  stm32f4x7_eth.o(.text)
    ETH_Get_Received_Frame_interrupt         0x080136c1   Thumb Code   262  stm32f4x7_eth.o(.text)
    ETH_Prepare_Transmit_Descriptors         0x080137c7   Thumb Code   222  stm32f4x7_eth.o(.text)
    ETH_DMARxDescChainInit                   0x080138a5   Thumb Code    82  stm32f4x7_eth.o(.text)
    ETH_CheckFrameReceived                   0x080138f7   Thumb Code   216  stm32f4x7_eth.o(.text)
    ETH_DMATxDescChainInit                   0x080139cf   Thumb Code    70  stm32f4x7_eth.o(.text)
    ETH_GetDMATxDescFlagStatus               0x08013a15   Thumb Code    18  stm32f4x7_eth.o(.text)
    ETH_GetDMATxDescCollisionCount           0x08013a27   Thumb Code    10  stm32f4x7_eth.o(.text)
    ETH_SetDMATxDescOwnBit                   0x08013a31   Thumb Code    10  stm32f4x7_eth.o(.text)
    ETH_DMATxDescTransmitITConfig            0x08013a3b   Thumb Code    22  stm32f4x7_eth.o(.text)
    ETH_DMATxDescFrameSegmentConfig          0x08013a51   Thumb Code     8  stm32f4x7_eth.o(.text)
    ETH_DMATxDescChecksumInsertionConfig     0x08013a59   Thumb Code     8  stm32f4x7_eth.o(.text)
    ETH_DMATxDescCRCCmd                      0x08013a61   Thumb Code    22  stm32f4x7_eth.o(.text)
    ETH_DMATxDescSecondAddressChainedCmd     0x08013a77   Thumb Code    22  stm32f4x7_eth.o(.text)
    ETH_DMATxDescShortFramePaddingCmd        0x08013a8d   Thumb Code    22  stm32f4x7_eth.o(.text)
    ETH_DMATxDescBufferSizeConfig            0x08013aa3   Thumb Code    14  stm32f4x7_eth.o(.text)
    ETH_GetDMARxDescFlagStatus               0x08013ab1   Thumb Code    18  stm32f4x7_eth.o(.text)
    ETH_GetDMAPTPRxDescExtendedFlagStatus    0x08013ac3   Thumb Code    18  stm32f4x7_eth.o(.text)
    ETH_SetDMARxDescOwnBit                   0x08013ad5   Thumb Code    10  stm32f4x7_eth.o(.text)
    ETH_GetDMARxDescFrameLength              0x08013adf   Thumb Code    10  stm32f4x7_eth.o(.text)
    ETH_DMARxDescReceiveITConfig             0x08013ae9   Thumb Code    22  stm32f4x7_eth.o(.text)
    ETH_GetDMARxDescBufferSize               0x08013aff   Thumb Code    20  stm32f4x7_eth.o(.text)
    ETH_GetRxPktSize                         0x08013b13   Thumb Code    42  stm32f4x7_eth.o(.text)
    ETH_EnhancedDescriptorCmd                0x08013b3d   Thumb Code    30  stm32f4x7_eth.o(.text)
    ETH_SoftwareReset                        0x08013b5b   Thumb Code    14  stm32f4x7_eth.o(.text)
    ETH_GetSoftwareResetStatus               0x08013b69   Thumb Code    20  stm32f4x7_eth.o(.text)
    ETH_GetDMAFlagStatus                     0x08013b7d   Thumb Code    20  stm32f4x7_eth.o(.text)
    ETH_DMAClearFlag                         0x08013b91   Thumb Code     6  stm32f4x7_eth.o(.text)
    ETH_DMAITConfig                          0x08013b97   Thumb Code    26  stm32f4x7_eth.o(.text)
    ETH_GetDMAITStatus                       0x08013bb1   Thumb Code    20  stm32f4x7_eth.o(.text)
    ETH_DMAClearITPendingBit                 0x08013bc5   Thumb Code     6  stm32f4x7_eth.o(.text)
    ETH_GetTransmitProcessState              0x08013bcb   Thumb Code    10  stm32f4x7_eth.o(.text)
    ETH_GetReceiveProcessState               0x08013bd5   Thumb Code    10  stm32f4x7_eth.o(.text)
    ETH_GetFlushTransmitFIFOStatus           0x08013bdf   Thumb Code    20  stm32f4x7_eth.o(.text)
    ETH_GetDMAOverflowStatus                 0x08013bf3   Thumb Code    20  stm32f4x7_eth.o(.text)
    ETH_GetRxOverflowMissedFrameCounter      0x08013c07   Thumb Code    10  stm32f4x7_eth.o(.text)
    ETH_GetBufferUnavailableMissedFrameCounter 0x08013c11   Thumb Code     8  stm32f4x7_eth.o(.text)
    ETH_GetCurrentTxDescStartAddress         0x08013c19   Thumb Code     6  stm32f4x7_eth.o(.text)
    ETH_GetCurrentRxDescStartAddress         0x08013c1f   Thumb Code     6  stm32f4x7_eth.o(.text)
    ETH_GetCurrentTxBufferAddress            0x08013c25   Thumb Code     6  stm32f4x7_eth.o(.text)
    ETH_GetCurrentRxBufferAddress            0x08013c2b   Thumb Code     6  stm32f4x7_eth.o(.text)
    ETH_ResumeDMATransmission                0x08013c31   Thumb Code     8  stm32f4x7_eth.o(.text)
    ETH_ResumeDMAReception                   0x08013c39   Thumb Code     8  stm32f4x7_eth.o(.text)
    ETH_SetReceiveWatchdogTimer              0x08013c41   Thumb Code     6  stm32f4x7_eth.o(.text)
    ETH_PHYLoopBackCmd                       0x08013c47   Thumb Code    52  stm32f4x7_eth.o(.text)
    ETH_ResetWakeUpFrameFilterRegisterPointer 0x08013c7b   Thumb Code    14  stm32f4x7_eth.o(.text)
    ETH_SetWakeUpFrameFilterRegister         0x08013c89   Thumb Code    24  stm32f4x7_eth.o(.text)
    ETH_GlobalUnicastWakeUpCmd               0x08013ca1   Thumb Code    30  stm32f4x7_eth.o(.text)
    ETH_GetPMTFlagStatus                     0x08013cbf   Thumb Code    20  stm32f4x7_eth.o(.text)
    ETH_WakeUpFrameDetectionCmd              0x08013cd3   Thumb Code    30  stm32f4x7_eth.o(.text)
    ETH_MagicPacketDetectionCmd              0x08013cf1   Thumb Code    30  stm32f4x7_eth.o(.text)
    ETH_PowerDownCmd                         0x08013d0f   Thumb Code    50  stm32f4x7_eth.o(.text)
    ETH_MMCCounterFullPreset                 0x08013d41   Thumb Code    16  stm32f4x7_eth.o(.text)
    ETH_MMCCounterHalfPreset                 0x08013d51   Thumb Code    30  stm32f4x7_eth.o(.text)
    ETH_MMCCounterFreezeCmd                  0x08013d6f   Thumb Code    34  stm32f4x7_eth.o(.text)
    ETH_MMCResetOnReadCmd                    0x08013d91   Thumb Code    34  stm32f4x7_eth.o(.text)
    ETH_MMCCounterRolloverCmd                0x08013db3   Thumb Code    34  stm32f4x7_eth.o(.text)
    ETH_MMCCountersReset                     0x08013dd5   Thumb Code    16  stm32f4x7_eth.o(.text)
    ETH_MMCITConfig                          0x08013de5   Thumb Code    78  stm32f4x7_eth.o(.text)
    ETH_GetMMCITStatus                       0x08013e33   Thumb Code    58  stm32f4x7_eth.o(.text)
    ETH_GetMMCRegister                       0x08013e6d   Thumb Code     8  stm32f4x7_eth.o(.text)
    canInit                                  0x08013e8d   Thumb Code   502  can_stm32.o(.text)
    canSend                                  0x08014083   Thumb Code    82  can_stm32.o(.text)
    Master_heartbeatError                    0x080140e1   Thumb Code    18  canopenobjdictconfig.o(.text)
    Master_initialisation                    0x080140f3   Thumb Code   264  canopenobjdictconfig.o(.text)
    Master_preOperational                    0x080141fb   Thumb Code    14  canopenobjdictconfig.o(.text)
    Master_operational                       0x08014209   Thumb Code    78  canopenobjdictconfig.o(.text)
    Master_stopped                           0x08014257   Thumb Code    14  canopenobjdictconfig.o(.text)
    Master_post_sync                         0x08014265   Thumb Code    38  canopenobjdictconfig.o(.text)
    Master_post_emcy                         0x0801428b   Thumb Code    26  canopenobjdictconfig.o(.text)
    Master_post_TPDO                         0x080142a5   Thumb Code     2  canopenobjdictconfig.o(.text)
    Master_post_SlaveBootup                  0x080142a7   Thumb Code    28  canopenobjdictconfig.o(.text)
    Master_post_SlaveStateChange             0x080142c3   Thumb Code    44  canopenobjdictconfig.o(.text)
    CANOpenMasterInit                        0x080142ef   Thumb Code    92  canopenobjdictconfig.o(.text)
    CanopenInit                              0x0801434b   Thumb Code    58  canopenobjdictconfig.o(.text)
    OnNumberOfErrorsUpdate                   0x08014449   Thumb Code    50  emcy.o(.text)
    emergencyInit                            0x0801447b   Thumb Code    32  emcy.o(.text)
    emergencyStop                            0x0801449b   Thumb Code     2  emcy.o(.text)
    sendEMCY                                 0x0801449d   Thumb Code   120  emcy.o(.text)
    EMCY_setError                            0x08014515   Thumb Code   322  emcy.o(.text)
    EMCY_errorRecovered                      0x08014657   Thumb Code   162  emcy.o(.text)
    proceedEMCY                              0x080146f9   Thumb Code    58  emcy.o(.text)
    _post_emcy                               0x08014733   Thumb Code     2  emcy.o(.text)
    getNodeState                             0x08014735   Thumb Code    16  lifegrd.o(.text)
    ConsumerHeartbeatAlarm                   0x08014745   Thumb Code    56  lifegrd.o(.text)
    proceedNODE_GUARD                        0x0801477d   Thumb Code   306  lifegrd.o(.text)
    ProducerHeartbeatAlarm                   0x080148af   Thumb Code    80  lifegrd.o(.text)
    GuardTimeAlarm                           0x080148ff   Thumb Code   126  lifegrd.o(.text)
    nodeguardInit                            0x0801497d   Thumb Code   164  lifegrd.o(.text)
    nodeguardStop                            0x08014a21   Thumb Code    20  lifegrd.o(.text)
    OnNodeGuardUpdate                        0x08014a35   Thumb Code    24  lifegrd.o(.text)
    heartbeatInit                            0x08014a4d   Thumb Code   174  lifegrd.o(.text)
    heartbeatStop                            0x08014afb   Thumb Code    64  lifegrd.o(.text)
    OnHeartbeatProducerUpdate                0x08014b3b   Thumb Code    24  lifegrd.o(.text)
    lifeGuardInit                            0x08014b53   Thumb Code    18  lifegrd.o(.text)
    lifeGuardStop                            0x08014b65   Thumb Code    18  lifegrd.o(.text)
    _heartbeatError                          0x08014b77   Thumb Code     2  lifegrd.o(.text)
    _post_SlaveBootup                        0x08014b79   Thumb Code     2  lifegrd.o(.text)
    _post_SlaveStateChange                   0x08014b7b   Thumb Code     2  lifegrd.o(.text)
    _nodeguardError                          0x08014b7d   Thumb Code     2  lifegrd.o(.text)
    masterSendNMTstateChange                 0x08014b89   Thumb Code    46  nmtmaster.o(.text)
    masterSendNMTnodeguard                   0x08014bb7   Thumb Code    40  nmtmaster.o(.text)
    masterRequestNodeState                   0x08014bdf   Thumb Code    50  nmtmaster.o(.text)
    proceedNMTstateChange                    0x08014c11   Thumb Code   250  nmtslave.o(.text)
    slaveSendBootUp                          0x08014d0b   Thumb Code    48  nmtslave.o(.text)
    accessDictionaryError                    0x08014d3d   Thumb Code    12  objacces.o(.text)
    _getODentry                              0x08014d49   Thumb Code   348  objacces.o(.text)
    _setODentry                              0x08014ea5   Thumb Code   408  objacces.o(.text)
    scanIndexOD                              0x0801503d   Thumb Code    30  objacces.o(.text)
    RegisterSetODentryCallBack               0x0801505b   Thumb Code    52  objacces.o(.text)
    _storeODSubIndex                         0x0801508f   Thumb Code     2  objacces.o(.text)
    CopyBits                                 0x080150a1   Thumb Code   236  pdo.o(.text)
    buildPDO                                 0x0801518d   Thumb Code   246  pdo.o(.text)
    sendPDOrequest                           0x08015283   Thumb Code    98  pdo.o(.text)
    PDOInhibitTimerAlarm                     0x08015317   Thumb Code    56  pdo.o(.text)
    sendOnePDOevent                          0x0801534f   Thumb Code   316  pdo.o(.text)
    PDOEventTimerAlarm                       0x0801548b   Thumb Code    46  pdo.o(.text)
    proceedPDO                               0x080154b9   Thumb Code   750  pdo.o(.text)
    _sendPDOevent                            0x080157a7   Thumb Code   416  pdo.o(.text)
    sendPDOevent                             0x08015947   Thumb Code    14  pdo.o(.text)
    _RxPDO_EventTimers_Handler               0x08015955   Thumb Code     2  pdo.o(.text)
    TPDO_Communication_Parameter_Callback    0x08015957   Thumb Code   150  pdo.o(.text)
    PDOInit                                  0x080159ed   Thumb Code    84  pdo.o(.text)
    PDOStop                                  0x08015a41   Thumb Code   120  pdo.o(.text)
    initSDOline                              0x08015ab9   Thumb Code   452  sdo.o(.text)
    resetSDOline                             0x08015c7d   Thumb Code    98  sdo.o(.text)
    sendSDO                                  0x08015cdf   Thumb Code   168  sdo.o(.text)
    sendSDOabort                             0x08015d87   Thumb Code    82  sdo.o(.text)
    SDOTimeoutAlarm                          0x08015dd9   Thumb Code   322  sdo.o(.text)
    resetSDO                                 0x08015f1b   Thumb Code    26  sdo.o(.text)
    SDOlineToObjdict                         0x08015f35   Thumb Code   172  sdo.o(.text)
    objdictToSDOline                         0x08015fe1   Thumb Code   144  sdo.o(.text)
    lineToSDO                                0x08016071   Thumb Code   182  sdo.o(.text)
    SDOtoLine                                0x08016127   Thumb Code   136  sdo.o(.text)
    getSDOlineOnUse                          0x080161af   Thumb Code   116  sdo.o(.text)
    failedSDO                                0x08016223   Thumb Code   206  sdo.o(.text)
    getSDOfreeLine                           0x080162f1   Thumb Code    68  sdo.o(.text)
    getSDOlineToClose                        0x08016335   Thumb Code    94  sdo.o(.text)
    GetSDOClientFromNodeId                   0x08016393   Thumb Code    86  sdo.o(.text)
    closeSDOtransfer                         0x080163e9   Thumb Code    64  sdo.o(.text)
    getSDOlineRestBytes                      0x08016429   Thumb Code    74  sdo.o(.text)
    setSDOlineRestBytes                      0x08016473   Thumb Code    36  sdo.o(.text)
    proceedSDO                               0x08016497   Thumb Code 10490  sdo.o(.text)
    _writeNetworkDict                        0x08018d91   Thumb Code   504  sdo.o(.text)
    writeNetworkDict                         0x08018f89   Thumb Code    76  sdo.o(.text)
    writeNetworkDictCallBack                 0x08018fd5   Thumb Code    80  sdo.o(.text)
    writeNetworkDictCallBackAI               0x08019025   Thumb Code   252  sdo.o(.text)
    _readNetworkDict                         0x08019121   Thumb Code   340  sdo.o(.text)
    readNetworkDict                          0x08019275   Thumb Code    56  sdo.o(.text)
    readNetworkDictCallback                  0x080192ad   Thumb Code    60  sdo.o(.text)
    readNetworkDictCallbackAI                0x080192e9   Thumb Code   212  sdo.o(.text)
    getReadResultNetworkDict                 0x080193bd   Thumb Code   386  sdo.o(.text)
    getWriteResultNetworkDict                0x0801953f   Thumb Code   144  sdo.o(.text)
    SEGGER_RTT_Read                          0x080195f1   Thumb Code   196  segger_rtt.o(.text)
    SEGGER_RTT_Write                         0x080196b5   Thumb Code   404  segger_rtt.o(.text)
    SEGGER_RTT_WriteString                   0x08019849   Thumb Code    26  segger_rtt.o(.text)
    SEGGER_RTT_GetKey                        0x08019863   Thumb Code    30  segger_rtt.o(.text)
    SEGGER_RTT_WaitKey                       0x08019881   Thumb Code    14  segger_rtt.o(.text)
    SEGGER_RTT_HasKey                        0x0801988f   Thumb Code    26  segger_rtt.o(.text)
    SEGGER_RTT_ConfigUpBuffer                0x080198a9   Thumb Code   134  segger_rtt.o(.text)
    SEGGER_RTT_ConfigDownBuffer              0x0801992f   Thumb Code   124  segger_rtt.o(.text)
    SEGGER_RTT_Init                          0x080199ab   Thumb Code     8  segger_rtt.o(.text)
    SEGGER_RTT_SetTerminal                   0x080199b3   Thumb Code    68  segger_rtt.o(.text)
    SEGGER_RTT_TerminalOut                   0x080199f7   Thumb Code   118  segger_rtt.o(.text)
    SEGGER_RTT_vprintf                       0x08019c8f   Thumb Code   504  segger_rtt_printf.o(.text)
    SEGGER_RTT_printf                        0x08019e87   Thumb Code    26  segger_rtt_printf.o(.text)
    getState                                 0x08019ea5   Thumb Code    10  states.o(.text)
    canDispatch                              0x08019eaf   Thumb Code   162  states.o(.text)
    switchCommunicationState                 0x08019f51   Thumb Code   332  states.o(.text)
    setState                                 0x0801a09d   Thumb Code   224  states.o(.text)
    getNodeId                                0x0801a17d   Thumb Code     8  states.o(.text)
    setNodeId                                0x0801a185   Thumb Code   390  states.o(.text)
    _initialisation                          0x0801a30b   Thumb Code     2  states.o(.text)
    _preOperational                          0x0801a30d   Thumb Code    22  states.o(.text)
    _operational                             0x0801a323   Thumb Code     2  states.o(.text)
    _stopped                                 0x0801a325   Thumb Code     2  states.o(.text)
    proceedSYNC                              0x0801a32d   Thumb Code    50  sync.o(.text)
    sendSYNCMessage                          0x0801a35f   Thumb Code    42  sync.o(.text)
    sendSYNC                                 0x0801a389   Thumb Code    22  sync.o(.text)
    SyncAlarm                                0x0801a39f   Thumb Code    14  sync.o(.text)
    stopSYNC                                 0x0801a3ad   Thumb Code    48  sync.o(.text)
    startSYNC                                0x0801a3dd   Thumb Code   108  sync.o(.text)
    OnCOB_ID_SyncUpdate                      0x0801a449   Thumb Code    18  sync.o(.text)
    _post_sync                               0x0801a45b   Thumb Code     2  sync.o(.text)
    _post_TPDO                               0x0801a45d   Thumb Code     2  sync.o(.text)
    setTimer                                 0x0801a465   Thumb Code    14  timer_stm32.o(.text)
    getElapsedTime                           0x0801a473   Thumb Code    34  timer_stm32.o(.text)
    TIM4_start                               0x0801a4f9   Thumb Code    16  timer_stm32.o(.text)
    initTimer                                0x0801a509   Thumb Code     8  timer_stm32.o(.text)
    TIM4_IRQHandler                          0x0801a511   Thumb Code    36  timer_stm32.o(.text)
    SetAlarm                                 0x0801a53d   Thumb Code   182  co_timer.o(.text)
    DelAlarm                                 0x0801a5f3   Thumb Code    46  co_timer.o(.text)
    TimeDispatch                             0x0801a621   Thumb Code   168  co_timer.o(.text)
    ObjDict_valueRangeTest                   0x0801a6d5   Thumb Code    22  objdict.o(.text)
    ObjDict_scanIndexOD                      0x0801a6eb   Thumb Code   370  objdict.o(.text)
    SysTick_Configuration                    0x0801a885   Thumb Code    92  systick.o(.text)
    Time_Update                              0x0801a8e1   Thumb Code     2  systick.o(.text)
    TimingDelay_Decrement                    0x0801a8e3   Thumb Code    18  systick.o(.text)
    timeDiff                                 0x0801a8f5   Thumb Code    16  systick.o(.text)
    isDelayExp                               0x0801a905   Thumb Code    28  systick.o(.text)
    TIM_Configuration                        0x0801a931   Thumb Code   214  timer.o(.text)
    TIM3_IRQHandler                          0x0801aa07   Thumb Code   154  timer.o(.text)
    mainpage_assm                            0x0801aabd   Thumb Code  1808  pagemake.o(.text)
    float2str                                0x0801b1cd   Thumb Code    28  pagemake.o(.text)
    schnider_ctrl                            0x0801b83f   Thumb Code    36  shed_ctrl.o(.text)
    schnider_parse                           0x0801bb93   Thumb Code    40  shed_ctrl.o(.text)
    eMBFuncReadCoils                         0x0801bbc9   Thumb Code   174  mbfunccoils.o(.text)
    eMBFuncWriteCoil                         0x0801bc77   Thumb Code   112  mbfunccoils.o(.text)
    eMBFuncWriteMultipleCoils                0x0801bce7   Thumb Code   144  mbfunccoils.o(.text)
    eMBFuncReadDiscreteInputs                0x0801bd77   Thumb Code   172  mbfuncdisc.o(.text)
    eMBFuncWriteHoldingRegister              0x0801be23   Thumb Code    66  mbfuncholding.o(.text)
    eMBFuncWriteMultipleHoldingRegister      0x0801be65   Thumb Code   110  mbfuncholding.o(.text)
    eMBFuncReadHoldingRegister               0x0801bed3   Thumb Code   140  mbfuncholding.o(.text)
    eMBFuncReadWriteMultipleHoldingRegister  0x0801bf5f   Thumb Code   212  mbfuncholding.o(.text)
    eMBFuncReadInputRegister                 0x0801c033   Thumb Code   140  mbfuncinput.o(.text)
    eMBSetSlaveID                            0x0801c0c1   Thumb Code   110  mbfuncother.o(.text)
    eMBFuncReportSlaveID                     0x0801c12f   Thumb Code    30  mbfuncother.o(.text)
    xMBUtilSetBits                           0x0801c155   Thumb Code    96  mbutils.o(.text)
    xMBUtilGetBits                           0x0801c1b5   Thumb Code    46  mbutils.o(.text)
    prveMBError2Exception                    0x0801c1e3   Thumb Code    34  mbutils.o(.text)
    xMBPortEventInit                         0x0801c205   Thumb Code    26  portevent.o(.text)
    vMBPortEventClose                        0x0801c21f   Thumb Code     2  portevent.o(.text)
    xMBPortEventPost                         0x0801c221   Thumb Code    10  portevent.o(.text)
    xMBPortEventGet                          0x0801c22b   Thumb Code    30  portevent.o(.text)
    eMBTCPDoInit                             0x0801c251   Thumb Code    20  mbtcp.o(.text)
    eMBTCPStart                              0x0801c265   Thumb Code     2  mbtcp.o(.text)
    eMBTCPStop                               0x0801c267   Thumb Code     8  mbtcp.o(.text)
    eMBTCPReceive                            0x0801c26f   Thumb Code    86  mbtcp.o(.text)
    eMBTCPSend                               0x0801c2c5   Thumb Code    48  mbtcp.o(.text)
    eMBInit                                  0x0801c2f5   Thumb Code    80  mb.o(.text)
    eMBTCPInit                               0x0801c345   Thumb Code    86  mb.o(.text)
    eMBRegisterCB                            0x0801c39b   Thumb Code   124  mb.o(.text)
    eMBClose                                 0x0801c417   Thumb Code    32  mb.o(.text)
    eMBEnable                                0x0801c437   Thumb Code    32  mb.o(.text)
    eMBDisable                               0x0801c457   Thumb Code    42  mb.o(.text)
    eMBPoll                                  0x0801c481   Thumb Code   268  mb.o(.text)
    prvvMBPortReleaseClient                  0x0801c5d5   Thumb Code    52  porttcp.o(.text)
    xMBTCPPortInit                           0x0801c70b   Thumb Code   102  porttcp.o(.text)
    vMBTCPPortClose                          0x0801c771   Thumb Code    24  porttcp.o(.text)
    vMBTCPPortDisable                        0x0801c789   Thumb Code    12  porttcp.o(.text)
    xMBTCPPortGetRequest                     0x0801c795   Thumb Code    22  porttcp.o(.text)
    xMBTCPPortSendResponse                   0x0801c7ab   Thumb Code    54  porttcp.o(.text)
    Task_HTTP_d                              0x0801c801   Thumb Code    28  mbtcp_task.o(.text)
    mbtcp_task                               0x0801c8b9   Thumb Code    44  mbtcp_task.o(.text)
    eMBRegInputCB                            0x0801c8e5   Thumb Code    74  mbtcp_task.o(.text)
    eMBRegHoldingCB                          0x0801c92f   Thumb Code   128  mbtcp_task.o(.text)
    eMBRegCoilsCB                            0x0801c9af   Thumb Code   384  mbtcp_task.o(.text)
    eMBRegDiscreteCB                         0x0801cb2f   Thumb Code   194  mbtcp_task.o(.text)
    mbtcpd_init                              0x0801cbf1   Thumb Code    48  mbtcp_task.o(.text)
    __aeabi_uldivmod                         0x0801cc21   Thumb Code    98  uldiv.o(.text)
    __aeabi_memcpy                           0x0801cc83   Thumb Code    36  memcpya.o(.text)
    __aeabi_memcpy4                          0x0801cc83   Thumb Code     0  memcpya.o(.text)
    __aeabi_memcpy8                          0x0801cc83   Thumb Code     0  memcpya.o(.text)
    __aeabi_memset                           0x0801cca7   Thumb Code    14  memseta.o(.text)
    __aeabi_memset4                          0x0801cca7   Thumb Code     0  memseta.o(.text)
    __aeabi_memset8                          0x0801cca7   Thumb Code     0  memseta.o(.text)
    __aeabi_memclr                           0x0801ccb5   Thumb Code     4  memseta.o(.text)
    __aeabi_memclr4                          0x0801ccb5   Thumb Code     0  memseta.o(.text)
    __aeabi_memclr8                          0x0801ccb5   Thumb Code     0  memseta.o(.text)
    _memset$wrapper                          0x0801ccb9   Thumb Code    20  memseta.o(.text)
    strcat                                   0x0801cccd   Thumb Code    28  strcat.o(.text)
    strlen                                   0x0801cce9   Thumb Code    16  strlen.o(.text)
    strcmp                                   0x0801ccf9   Thumb Code    28  strcmp.o(.text)
    memcmp                                   0x0801cd15   Thumb Code    26  memcmp.o(.text)
    strcpy                                   0x0801cd2f   Thumb Code    18  strcpy.o(.text)
    strncmp                                  0x0801cd41   Thumb Code    30  strncmp.o(.text)
    __aeabi_dmul                             0x0801cd5f   Thumb Code   224  dmul.o(.text)
    __aeabi_ddiv                             0x0801ce3f   Thumb Code   222  ddiv.o(.text)
    __aeabi_ui2d                             0x0801cf1d   Thumb Code    26  dfltui.o(.text)
    __aeabi_f2d                              0x0801cf37   Thumb Code    44  f2d.o(.text)
    __aeabi_d2f                              0x0801cf63   Thumb Code    56  d2f.o(.text)
    __aeabi_uidiv                            0x0801cf9b   Thumb Code     0  uidiv.o(.text)
    __aeabi_uidivmod                         0x0801cf9b   Thumb Code    44  uidiv.o(.text)
    __aeabi_llsl                             0x0801cfc7   Thumb Code    30  llshl.o(.text)
    _ll_shift_l                              0x0801cfc7   Thumb Code     0  llshl.o(.text)
    __aeabi_llsr                             0x0801cfe5   Thumb Code    32  llushr.o(.text)
    _ll_ushift_r                             0x0801cfe5   Thumb Code     0  llushr.o(.text)
    __I$use$fp                               0x0801d005   Thumb Code     0  iusefp.o(.text)
    _float_round                             0x0801d005   Thumb Code    18  fepilogue.o(.text)
    _float_epilogue                          0x0801d017   Thumb Code    90  fepilogue.o(.text)
    _double_round                            0x0801d071   Thumb Code    26  depilogue.o(.text)
    _double_epilogue                         0x0801d08b   Thumb Code   164  depilogue.o(.text)
    __aeabi_dadd                             0x0801d12f   Thumb Code   320  dadd.o(.text)
    __aeabi_dsub                             0x0801d26f   Thumb Code     6  dadd.o(.text)
    __aeabi_drsub                            0x0801d275   Thumb Code     6  dadd.o(.text)
    __aeabi_d2ulz                            0x0801d27b   Thumb Code    48  dfixul.o(.text)
    __aeabi_cdrcmple                         0x0801d2ad   Thumb Code    38  cdrcmple.o(.text)
    __scatterload                            0x0801d2d5   Thumb Code    28  init.o(.text)
    __scatterload_rt2                        0x0801d2d5   Thumb Code     0  init.o(.text)
    __aeabi_lasr                             0x0801d2f9   Thumb Code    36  llsshr.o(.text)
    __semihosting_library_function           0x0801d2f9   Thumb Code     0  semi.o(.text)
    _ll_sshift_r                             0x0801d2f9   Thumb Code     0  llsshr.o(.text)
    __I$use$semihosting$fputc                0x0801d31d   Thumb Code     0  iusesemip.o(.text)
    __decompress                             0x0801d31d   Thumb Code     0  __dclz77c.o(.text)
    __decompress2                            0x0801d31d   Thumb Code    96  __dclz77c.o(.text)
    __0printf                                0x0801d37d   Thumb Code    22  printfa.o(i.__0printf)
    __1printf                                0x0801d37d   Thumb Code     0  printfa.o(i.__0printf)
    __2printf                                0x0801d37d   Thumb Code     0  printfa.o(i.__0printf)
    __c89printf                              0x0801d37d   Thumb Code     0  printfa.o(i.__0printf)
    printf                                   0x0801d37d   Thumb Code     0  printfa.o(i.__0printf)
    __0sprintf                               0x0801d39d   Thumb Code    34  printfa.o(i.__0sprintf)
    __1sprintf                               0x0801d39d   Thumb Code     0  printfa.o(i.__0sprintf)
    __2sprintf                               0x0801d39d   Thumb Code     0  printfa.o(i.__0sprintf)
    __c89sprintf                             0x0801d39d   Thumb Code     0  printfa.o(i.__0sprintf)
    sprintf                                  0x0801d39d   Thumb Code     0  printfa.o(i.__0sprintf)
    __scatterload_copy                       0x0801d3c5   Thumb Code    14  handlers.o(i.__scatterload_copy)
    __scatterload_null                       0x0801d3d3   Thumb Code     2  handlers.o(i.__scatterload_null)
    __scatterload_zeroinit                   0x0801d3d5   Thumb Code    14  handlers.o(i.__scatterload_zeroinit)
    fputc                                    0x0801dca1   Thumb Code    18  fputc.o(i.fputc)
    CAN_baud_table                           0x08024d14   Data         360  bsp_can.o(.constdata)
    OSUnMapTbl                               0x08024e7c   Data         256  os_core.o(.constdata)
    ip_addr_any                              0x08024f7c   Data           4  ip_addr.o(.constdata)
    ip_addr_broadcast                        0x08024f80   Data           4  ip_addr.o(.constdata)
    tcp_backoff                              0x08024fa8   Data          13  tcp.o(.constdata)
    tcp_persist_backoff                      0x08024fb5   Data           7  tcp.o(.constdata)
    ethbroadcast                             0x08024fbc   Data           6  etharp.o(.constdata)
    ethzero                                  0x08024fc2   Data           6  etharp.o(.constdata)
    ObjDict_iam_a_slave                      0x0802506c   Data           1  objdict.o(.constdata)
    ObjDict_objdict                          0x08025070   Data         192  objdict.o(.constdata)
    ObjDict_firstIndex                       0x08025130   Data          12  objdict.o(.constdata)
    ObjDict_lastIndex                        0x0802513c   Data          12  objdict.o(.constdata)
    ObjDict_ObjdictSize                      0x08025148   Data           2  objdict.o(.constdata)
    Region$$Table$$Base                      0x0802522c   Number         0  anon$$obj.o(Region$$Table)
    Region$$Table$$Limit                     0x0802524c   Number         0  anon$$obj.o(Region$$Table)
    main_loop_count                          0x20000000   Data           4  main.o(.data)
    sem_RS232_rec_flag                       0x20000004   Data           4  task_test.o(.data)
    sem_CAN1_rec_flag                        0x2000002c   Data           4  task_can1.o(.data)
    sem_CAN2_rec_flag                        0x20000040   Data           4  task_can2.o(.data)
    sem_CAN2_send_flag                       0x20000044   Data           4  task_can2.o(.data)
    c2_d                                     0x20000048   Data           8  task_can2.o(.data)
    i                                        0x20000050   Data           4  task_adc.o(.data)
    Temprature_Table                         0x20000054   Data         120  task_adc.o(.data)
    sem_U4_rec_flag                          0x200000cc   Data           4  task_avchg.o(.data)
    vcuInfo                                  0x200000d8   Data           3  task_main.o(.data)
    gBOpMd                                   0x200000db   Data           1  task_main.o(.data)
    gWkSrc                                   0x200000dc   Data           1  task_main.o(.data)
    main_task_timer                          0x200000e0   Data           4  task_main.o(.data)
    mTsk_rt                                  0x200000e4   Data           4  task_main.o(.data)
    fault_flag                               0x200000e8   Data           4  task_syscheck.o(.data)
    sem_vcu_can_rev                          0x200000f4   Data           4  task_syscheck.o(.data)
    sem_bmu_can_rev                          0x200000f8   Data           4  task_syscheck.o(.data)
    sem_fault_clr                            0x200000fc   Data           4  task_syscheck.o(.data)
    TCPTimer                                 0x20000104   Data           4  netconf.o(.data)
    ARPTimer                                 0x20000108   Data           4  netconf.o(.data)
    IPaddress                                0x2000010c   Data           4  netconf.o(.data)
    data_STM32F407ADC_html                   0x20000110   Data        3511  httpd.o(.data)
    file_STM32F407ADC_html                   0x20000ec8   Data          16  httpd.o(.data)
    file_BSCMain_html                        0x20000ed8   Data          16  httpd.o(.data)
    C1_wait_num                              0x20000ee8   Data           1  bsp_can.o(.data)
    C2_wait_num                              0x20000ee9   Data           1  bsp_can.o(.data)
    can1_rec_flag                            0x20000eea   Data           1  bsp_can.o(.data)
    can2_rec_flag                            0x20000eeb   Data           1  bsp_can.o(.data)
    CAN2_data                                0x20000eee   Data           8  bsp_can.o(.data)
    ADC_dma_ready_flag                       0x20000ef6   Data           1  bsp_adc.o(.data)
    RS232_REC_Flag                           0x20000ef8   Data           1  bsp_sci.o(.data)
    RS232_rec_counter                        0x20000efc   Data           4  bsp_sci.o(.data)
    RS232_send_data_length                   0x20000f00   Data           2  bsp_sci.o(.data)
    U4_REC_Flag                              0x20000f02   Data           1  bsp_sci.o(.data)
    U4_rec_counter                           0x20000f04   Data           4  bsp_sci.o(.data)
    U4_send_data_length                      0x20000f08   Data           2  bsp_sci.o(.data)
    NVIC_InitStructure                       0x20000f0a   Data           4  bsp_sci.o(.data)
    RS232_dma_send_flag                      0x20000f0e   Data           1  dma.o(.data)
    U4_dma_send_flag                         0x20000f0f   Data           1  dma.o(.data)
    RecvLen                                  0x20000f18   Data           2  bsp_wifi.o(.data)
    SystemCoreClock                          0x20000f2c   Data           4  system_stm32f4xx.o(.data)
    AHBPrescTable                            0x20000f30   Data          16  system_stm32f4xx.o(.data)
    OSCtxSwCtr                               0x20000f40   Data           4  os_core.o(.data)
    OSEventFreeList                          0x20000f44   Data           4  os_core.o(.data)
    OSFlagFreeList                           0x20000f48   Data           4  os_core.o(.data)
    OSCPUUsage                               0x20000f4c   Data           1  os_core.o(.data)
    OSIdleCtrMax                             0x20000f50   Data           4  os_core.o(.data)
    OSIdleCtrRun                             0x20000f54   Data           4  os_core.o(.data)
    OSStatRdy                                0x20000f58   Data           1  os_core.o(.data)
    OSIntNesting                             0x20000f59   Data           1  os_core.o(.data)
    OSLockNesting                            0x20000f5a   Data           1  os_core.o(.data)
    OSPrioCur                                0x20000f5b   Data           1  os_core.o(.data)
    OSPrioHighRdy                            0x20000f5c   Data           1  os_core.o(.data)
    OSRdyGrp                                 0x20000f5d   Data           1  os_core.o(.data)
    OSRdyTbl                                 0x20000f5e   Data           8  os_core.o(.data)
    OSRunning                                0x20000f66   Data           1  os_core.o(.data)
    OSTaskCtr                                0x20000f67   Data           1  os_core.o(.data)
    OSIdleCtr                                0x20000f68   Data           4  os_core.o(.data)
    OSTCBCur                                 0x20000f6c   Data           4  os_core.o(.data)
    OSTCBFreeList                            0x20000f70   Data           4  os_core.o(.data)
    OSTCBHighRdy                             0x20000f74   Data           4  os_core.o(.data)
    OSTCBList                                0x20000f78   Data           4  os_core.o(.data)
    OSTickStepState                          0x20000f7c   Data           1  os_core.o(.data)
    OSMemFreeList                            0x20000f80   Data           4  os_core.o(.data)
    OSQFreeList                              0x20000f84   Data           4  os_core.o(.data)
    OSTime                                   0x20000f88   Data           4  os_core.o(.data)
    current_netif                            0x20000f90   Data           4  ip.o(.data)
    current_header                           0x20000f94   Data           4  ip.o(.data)
    netif_list                               0x20000fb8   Data           4  netif.o(.data)
    netif_default                            0x20000fbc   Data           4  netif.o(.data)
    tcp_state_str                            0x20000fc4   Data          44  tcp.o(.data)
    tcp_ticks                                0x20000ff8   Data           4  tcp.o(.data)
    tcp_bound_pcbs                           0x20000ffc   Data           4  tcp.o(.data)
    tcp_listen_pcbs                          0x20001000   Data           4  tcp.o(.data)
    tcp_active_pcbs                          0x20001004   Data           4  tcp.o(.data)
    tcp_tw_pcbs                              0x20001008   Data           4  tcp.o(.data)
    tcp_tmp_pcb                              0x2000100c   Data           4  tcp.o(.data)
    tcp_input_pcb                            0x20001030   Data           4  tcp_in.o(.data)
    udp_pcbs                                 0x20001034   Data           4  udp.o(.data)
    DMATxDescToSet                           0x2000103c   Data           4  stm32f4x7_eth.o(.data)
    DMARxDescToGet                           0x20001040   Data           4  stm32f4x7_eth.o(.data)
    DMA_RX_FRAME_infos                       0x20001044   Data           4  stm32f4x7_eth.o(.data)
    Frame_Rx_index                           0x20001048   Data           4  stm32f4x7_eth.o(.data)
    total_sleep_time                         0x200010d0   Data           4  co_timer.o(.data)
    last_timer_raw                           0x200010d4   Data           2  co_timer.o(.data)
    tdcount                                  0x200010d8   Data           4  co_timer.o(.data)
    ControlWordAxis1                         0x200010dc   Data           2  objdict.o(.data)
    StatusWordAxis1                          0x200010de   Data           2  objdict.o(.data)
    PositionDemandValueAxis1                 0x200010e0   Data           4  objdict.o(.data)
    ControlWordAxis2                         0x200010e4   Data           2  objdict.o(.data)
    StatusWordAxis2                          0x200010e6   Data           2  objdict.o(.data)
    PositionDemandValueAxis2                 0x200010e8   Data           4  objdict.o(.data)
    InterpolationDataIndexNum                0x200010ec   Data           1  objdict.o(.data)
    InterpolationDataAxis1                   0x200010f0   Data           4  objdict.o(.data)
    InterpolationDataAxis2                   0x200010f4   Data           4  objdict.o(.data)
    ObjDict_bDeviceNodeId                    0x200010f8   Data           1  objdict.o(.data)
    ObjDict_obj1000                          0x200010fc   Data           4  objdict.o(.data)
    ObjDict_Index1000                        0x20001100   Data          12  objdict.o(.data)
    ObjDict_obj1001                          0x2000110c   Data           1  objdict.o(.data)
    ObjDict_Index1001                        0x20001110   Data          12  objdict.o(.data)
    ObjDict_highestSubIndex_obj1003          0x2000111c   Data           1  objdict.o(.data)
    ObjDict_obj1003                          0x20001120   Data           4  objdict.o(.data)
    ObjDict_Index1003_callbacks              0x20001124   Data           8  objdict.o(.data)
    ObjDict_Index1003                        0x2000112c   Data          24  objdict.o(.data)
    ObjDict_obj1005                          0x20001144   Data           4  objdict.o(.data)
    ObjDict_Index1005_callbacks              0x20001148   Data           4  objdict.o(.data)
    ObjDict_Index1005                        0x2000114c   Data          12  objdict.o(.data)
    ObjDict_obj1006                          0x20001158   Data           4  objdict.o(.data)
    ObjDict_Index1006_callbacks              0x2000115c   Data           4  objdict.o(.data)
    ObjDict_Index1006                        0x20001160   Data          12  objdict.o(.data)
    ObjDict_obj100C                          0x2000116c   Data           2  objdict.o(.data)
    ObjDict_obj100D                          0x2000116e   Data           1  objdict.o(.data)
    ObjDict_highestSubIndex_obj1010          0x2000116f   Data           1  objdict.o(.data)
    ObjDict_obj1010_Save_All_Parameters      0x20001170   Data           4  objdict.o(.data)
    ObjDict_obj1010_Save_Communication_Parameters 0x20001174   Data           4  objdict.o(.data)
    ObjDict_obj1010_Save_Application_Parameters 0x20001178   Data           4  objdict.o(.data)
    ObjDict_obj1010_Save_Manufacturer_Parameters_1 0x2000117c   Data           4  objdict.o(.data)
    ObjDict_Index1010                        0x20001180   Data          60  objdict.o(.data)
    ObjDict_highestSubIndex_obj1011          0x200011bc   Data           1  objdict.o(.data)
    ObjDict_obj1011_Restore_All_Default_Parameters 0x200011c0   Data           4  objdict.o(.data)
    ObjDict_obj1011_Restore_Communication_Default_Parameters 0x200011c4   Data           4  objdict.o(.data)
    ObjDict_obj1011_Restore_Application_Default_Parameters 0x200011c8   Data           4  objdict.o(.data)
    ObjDict_obj1011_Restore_Manufacturer_Defined_Default_Parameters_1 0x200011cc   Data           4  objdict.o(.data)
    ObjDict_Index1011                        0x200011d0   Data          60  objdict.o(.data)
    ObjDict_obj1014                          0x2000120c   Data           4  objdict.o(.data)
    ObjDict_Index1014                        0x20001210   Data          12  objdict.o(.data)
    ObjDict_highestSubIndex_obj1016          0x2000121c   Data           1  objdict.o(.data)
    ObjDict_heartBeatTimers                  0x2000121e   Data           2  objdict.o(.data)
    ObjDict_obj1016                          0x20001220   Data           4  objdict.o(.data)
    ObjDict_Index1016                        0x20001224   Data          24  objdict.o(.data)
    ObjDict_obj1017                          0x2000123c   Data           2  objdict.o(.data)
    ObjDict_highestSubIndex_obj1018          0x2000123e   Data           1  objdict.o(.data)
    ObjDict_obj1018_Vendor_ID                0x20001240   Data           4  objdict.o(.data)
    ObjDict_obj1018_Product_Code             0x20001244   Data           4  objdict.o(.data)
    ObjDict_obj1018_Revision_Number          0x20001248   Data           4  objdict.o(.data)
    ObjDict_obj1018_Serial_Number            0x2000124c   Data           4  objdict.o(.data)
    ObjDict_Index1018                        0x20001250   Data          60  objdict.o(.data)
    ObjDict_highestSubIndex_obj1280          0x2000128c   Data           1  objdict.o(.data)
    ObjDict_obj1280_COB_ID_Client_to_Server_Transmit_SDO 0x20001290   Data           4  objdict.o(.data)
    ObjDict_obj1280_COB_ID_Server_to_Client_Receive_SDO 0x20001294   Data           4  objdict.o(.data)
    ObjDict_obj1280_Node_ID_of_the_SDO_Server 0x20001298   Data           1  objdict.o(.data)
    ObjDict_Index1280                        0x2000129c   Data          48  objdict.o(.data)
    ObjDict_highestSubIndex_obj1281          0x200012cc   Data           1  objdict.o(.data)
    ObjDict_obj1281_COB_ID_Client_to_Server_Transmit_SDO 0x200012d0   Data           4  objdict.o(.data)
    ObjDict_obj1281_COB_ID_Server_to_Client_Receive_SDO 0x200012d4   Data           4  objdict.o(.data)
    ObjDict_obj1281_Node_ID_of_the_SDO_Server 0x200012d8   Data           1  objdict.o(.data)
    ObjDict_Index1281                        0x200012dc   Data          48  objdict.o(.data)
    ObjDict_highestSubIndex_obj1282          0x2000130c   Data           1  objdict.o(.data)
    ObjDict_obj1282_COB_ID_Client_to_Server_Transmit_SDO 0x20001310   Data           4  objdict.o(.data)
    ObjDict_obj1282_COB_ID_Server_to_Client_Receive_SDO 0x20001314   Data           4  objdict.o(.data)
    ObjDict_obj1282_Node_ID_of_the_SDO_Server 0x20001318   Data           1  objdict.o(.data)
    ObjDict_Index1282                        0x2000131c   Data          48  objdict.o(.data)
    ObjDict_highestSubIndex_obj1400          0x2000134c   Data           1  objdict.o(.data)
    ObjDict_obj1400_COB_ID_used_by_PDO       0x20001350   Data           4  objdict.o(.data)
    ObjDict_obj1400_Transmission_Type        0x20001354   Data           1  objdict.o(.data)
    ObjDict_obj1400_Inhibit_Time             0x20001356   Data           2  objdict.o(.data)
    ObjDict_obj1400_Compatibility_Entry      0x20001358   Data           1  objdict.o(.data)
    ObjDict_obj1400_Event_Timer              0x2000135a   Data           2  objdict.o(.data)
    ObjDict_Index1400                        0x2000135c   Data          72  objdict.o(.data)
    ObjDict_highestSubIndex_obj1401          0x200013a4   Data           1  objdict.o(.data)
    ObjDict_obj1401_COB_ID_used_by_PDO       0x200013a8   Data           4  objdict.o(.data)
    ObjDict_obj1401_Transmission_Type        0x200013ac   Data           1  objdict.o(.data)
    ObjDict_obj1401_Inhibit_Time             0x200013ae   Data           2  objdict.o(.data)
    ObjDict_obj1401_Compatibility_Entry      0x200013b0   Data           1  objdict.o(.data)
    ObjDict_obj1401_Event_Timer              0x200013b2   Data           2  objdict.o(.data)
    ObjDict_Index1401                        0x200013b4   Data          72  objdict.o(.data)
    ObjDict_highestSubIndex_obj1600          0x200013fc   Data           1  objdict.o(.data)
    ObjDict_obj1600                          0x20001400   Data           8  objdict.o(.data)
    ObjDict_Index1600                        0x20001408   Data          36  objdict.o(.data)
    ObjDict_highestSubIndex_obj1601          0x2000142c   Data           1  objdict.o(.data)
    ObjDict_obj1601                          0x20001430   Data           8  objdict.o(.data)
    ObjDict_Index1601                        0x20001438   Data          36  objdict.o(.data)
    ObjDict_highestSubIndex_obj1800          0x2000145c   Data           1  objdict.o(.data)
    ObjDict_obj1800_COB_ID_used_by_PDO       0x20001460   Data           4  objdict.o(.data)
    ObjDict_obj1800_Transmission_Type        0x20001464   Data           1  objdict.o(.data)
    ObjDict_obj1800_Inhibit_Time             0x20001466   Data           2  objdict.o(.data)
    ObjDict_obj1800_Compatibility_Entry      0x20001468   Data           1  objdict.o(.data)
    ObjDict_obj1800_Event_Timer              0x2000146a   Data           2  objdict.o(.data)
    ObjDict_Index1800                        0x2000146c   Data          72  objdict.o(.data)
    ObjDict_highestSubIndex_obj1801          0x200014b4   Data           1  objdict.o(.data)
    ObjDict_obj1801_COB_ID_used_by_PDO       0x200014b8   Data           4  objdict.o(.data)
    ObjDict_obj1801_Transmission_Type        0x200014bc   Data           1  objdict.o(.data)
    ObjDict_obj1801_Inhibit_Time             0x200014be   Data           2  objdict.o(.data)
    ObjDict_obj1801_Compatibility_Entry      0x200014c0   Data           1  objdict.o(.data)
    ObjDict_obj1801_Event_Timer              0x200014c2   Data           2  objdict.o(.data)
    ObjDict_Index1801                        0x200014c4   Data          72  objdict.o(.data)
    ObjDict_highestSubIndex_obj1A00          0x2000150c   Data           1  objdict.o(.data)
    ObjDict_obj1A00                          0x20001510   Data           8  objdict.o(.data)
    ObjDict_Index1A00                        0x20001518   Data          48  objdict.o(.data)
    ObjDict_highestSubIndex_obj1A01          0x20001548   Data           1  objdict.o(.data)
    ObjDict_obj1A01                          0x2000154c   Data           8  objdict.o(.data)
    ObjDict_Index1A01                        0x20001554   Data          48  objdict.o(.data)
    ObjDict_highestSubIndex_obj6040          0x20001584   Data           1  objdict.o(.data)
    ObjDict_Index6040                        0x20001588   Data          36  objdict.o(.data)
    ObjDict_highestSubIndex_obj6041          0x200015ac   Data           1  objdict.o(.data)
    ObjDict_Index6041                        0x200015b0   Data          36  objdict.o(.data)
    ObjDict_highestSubIndex_obj6062          0x200015d4   Data           1  objdict.o(.data)
    ObjDict_Index6062                        0x200015d8   Data          36  objdict.o(.data)
    ObjDict_highestSubIndex_obj60C1          0x200015fc   Data           1  objdict.o(.data)
    ObjDict_Index60c1                        0x20001600   Data          48  objdict.o(.data)
    ObjDict_PDO_status                       0x20001630   Data          36  objdict.o(.data)
    ObjDict_Data                             0x20001654   Data        1564  objdict.o(.data)
    TimingDelay                              0x20001c70   Data           4  systick.o(.data)
    CCR1_Val                                 0x20001c74   Data           2  timer.o(.data)
    CCR2_Val                                 0x20001c76   Data           2  timer.o(.data)
    CCR3_Val                                 0x20001c78   Data           2  timer.o(.data)
    CCR4_Val                                 0x20001c7a   Data           2  timer.o(.data)
    CANOpenMasterObject                      0x20001c7c   Data           4  globalvar.o(.data)
    pxMBFrameCBByteReceived                  0x20001d34   Data           4  mb.o(.data)
    pxMBFrameCBTransmitterEmpty              0x20001d38   Data           4  mb.o(.data)
    pxMBPortCBTimerExpired                   0x20001d3c   Data           4  mb.o(.data)
    pxMBFrameCBReceiveFSMCur                 0x20001d40   Data           4  mb.o(.data)
    pxMBFrameCBTransmitFSMCur                0x20001d44   Data           4  mb.o(.data)
    __stdout                                 0x20001d68   Data           4  stdout.o(.data)
    Stk_TaskStartUp                          0x20001d6c   Data        2400  main.o(.bss)
    Stk_Task_HTTP                            0x200026cc   Data        4000  task_test.o(.bss)
    Stk_Task_LED                             0x2000366c   Data        1600  task_test.o(.bss)
    bmu                                      0x20003cac   Data        6912  appbmu.o(.bss)
    Stk_Task_CAN1                            0x200057ac   Data        8000  task_can1.o(.bss)
    Stk_Task_CO                              0x200076ec   Data        1600  task_can1.o(.bss)
    Stk_Task_CAN2_Rev                        0x20007d2c   Data        1600  task_can2.o(.bss)
    Stk_Task_CAN2_Snd2Buf                    0x2000836c   Data        1600  task_can2.o(.bss)
    Stk_Task_CAN_Send                        0x200089ac   Data        1600  task_can2.o(.bss)
    ad_res                                   0x20008fec   Data          18  task_adc.o(.bss)
    f_adc_value                              0x20009000   Data          64  task_adc.o(.bss)
    Stk_Task_AVChg                           0x20009040   Data        1600  task_avchg.o(.bss)
    sysInfo                                  0x20009680   Data         268  task_main.o(.bss)
    bpInfo                                   0x20009790   Data         528  task_main.o(.bss)
    bmInfo                                   0x200099a0   Data         120  task_main.o(.bss)
    Stk_Task_Main                            0x20009a18   Data        8000  task_main.o(.bss)
    Stk_TaskFaultCheck                       0x2000b958   Data         400  task_syscheck.o(.bss)
    Stk_Task_WIFI                            0x2000bae8   Data        1600  task_wifi.o(.bss)
    netif                                    0x2000c128   Data          56  netconf.o(.bss)
    data_BSCMain_html                        0x2000c160   Data        9012  httpd.o(.bss)
    CAN1RxMsg                                0x2000e494   Data          20  bsp_can.o(.bss)
    CAN2RxMsg                                0x2000e4a8   Data          20  bsp_can.o(.bss)
    CAN1TxBuf                                0x2000e4bc   Data         600  bsp_can.o(.bss)
    CAN2TxBuf                                0x2000e714   Data         600  bsp_can.o(.bss)
    ADC_RCVTab                               0x2000e96c   Data          64  bsp_adc.o(.bss)
    RS232_buff                               0x2000e9ac   Data        1024  bsp_sci.o(.bss)
    U4_buff                                  0x2000edac   Data        1024  bsp_sci.o(.bss)
    RS232_send_data                          0x2000f1ac   Data        1024  dma.o(.bss)
    U4_send_data                             0x2000f5ac   Data        1024  dma.o(.bss)
    RecvBUF                                  0x2000f9ac   Data         512  bsp_wifi.o(.bss)
    OSEventTbl                               0x2000fbac   Data         240  os_core.o(.bss)
    OSFlagTbl                                0x2000fc9c   Data          80  os_core.o(.bss)
    OSTaskStatStk                            0x2000fcec   Data         512  os_core.o(.bss)
    OSTaskIdleStk                            0x2000feec   Data         512  os_core.o(.bss)
    OSTCBPrioTbl                             0x200100ec   Data         256  os_core.o(.bss)
    OSTCBTbl                                 0x200101ec   Data        1936  os_core.o(.bss)
    OSMemTbl                                 0x2001097c   Data         120  os_core.o(.bss)
    OSQTbl                                   0x200109f4   Data          96  os_core.o(.bss)
    DMARxDscrTab                             0x20015d6c   Data         128  stm32f4x7_eth.o(.bss)
    DMATxDscrTab                             0x20015dec   Data          64  stm32f4x7_eth.o(.bss)
    Rx_Buff                                  0x20015e2c   Data        6096  stm32f4x7_eth.o(.bss)
    Tx_Buff                                  0x200175fc   Data        3048  stm32f4x7_eth.o(.bss)
    RX_Frame_Descriptor                      0x200181e4   Data          12  stm32f4x7_eth.o(.bss)
    timers                                   0x20018600   Data         192  co_timer.o(.bss)
    ObjDict_Index1280_callbacks              0x200186c0   Data          16  objdict.o(.bss)
    ObjDict_Index1281_callbacks              0x200186d0   Data          16  objdict.o(.bss)
    ObjDict_Index1282_callbacks              0x200186e0   Data          16  objdict.o(.bss)
    ObjDict_Index1400_callbacks              0x200186f0   Data          24  objdict.o(.bss)
    ObjDict_Index1401_callbacks              0x20018708   Data          24  objdict.o(.bss)
    ObjDict_Index1800_callbacks              0x20018720   Data          24  objdict.o(.bss)
    ObjDict_Index1801_callbacks              0x20018738   Data          24  objdict.o(.bss)
    jmsg                                     0x20018750   Data          20  shed_ctrl.o(.bss)
    chgCfgBulk_info                          0x20018764   Data         168  shed_ctrl.o(.bss)
    __initial_sp                             0x20018e58   Data           0  startup_stm32f4xx.o(STACK)



==============================================================================

Memory Map of the image

  Image Entry point : 0x08000189

  Load Region LR_IROM1 (Base: 0x08000000, Size: 0x00026fb8, Max: 0x00050000, ABSOLUTE, COMPRESSED[0x00025adc])

    Execution Region ER_IROM1 (Base: 0x08000000, Size: 0x0002524c, Max: 0x00050000, ABSOLUTE)

    Base Addr    Size         Type   Attr      Idx    E Section Name        Object

    0x08000000   0x00000188   Data   RO         1564    RESET               startup_stm32f4xx.o
    0x08000188   0x00000000   Code   RO         2990  * .ARM.Collect$$$$00000000  mc_w.l(entry.o)
    0x08000188   0x00000004   Code   RO         3284    .ARM.Collect$$$$00000001  mc_w.l(entry2.o)
    0x0800018c   0x00000004   Code   RO         3287    .ARM.Collect$$$$00000004  mc_w.l(entry5.o)
    0x08000190   0x00000000   Code   RO         3289    .ARM.Collect$$$$00000008  mc_w.l(entry7b.o)
    0x08000190   0x00000008   Code   RO         3290    .ARM.Collect$$$$00000009  mc_w.l(entry8.o)
    0x08000198   0x00000004   Code   RO         3285    .ARM.Collect$$$$00002712  mc_w.l(entry2.o)
    0x0800019c   0x00000194   Code   RO            2    .text               main.o
    0x08000330   0x00000690   Code   RO          423    .text               appbmu.o
    0x080009c0   0x000005e0   Code   RO          467    .text               task_can1.o
    0x08000fa0   0x00001644   Code   RO          498    .text               task_can2.o
    0x080025e4   0x00000524   Code   RO          530    .text               task_adc.o
    0x08002b08   0x0000042c   Code   RO          553    .text               task_avchg.o
    0x08002f34   0x00000158   Code   RO          578    .text               task_eflash.o
    0x0800308c   0x000001e4   Code   RO          597    .text               appconfig.o
    0x08003270   0x00000704   Code   RO          613    .text               task_main.o
    0x08003974   0x00000104   Code   RO          641    .text               task_syscheck.o
    0x08003a78   0x00000024   Code   RO          668    .text               task_wifi.o
    0x08003a9c   0x00000054   Code   RO          692    .text               bsp_global.o
    0x08003af0   0x00000178   Code   RO          708    .text               nvic.o
    0x08003c68   0x000001e4   Code   RO          724    .text               stm32f4x7_eth_bsp.o
    0x08003e4c   0x000000a4   Code   RO          744    .text               netconf.o
    0x08003ef0   0x0000022c   Code   RO          795    .text               stm32f4xx_it.o
    0x0800411c   0x000004b8   Code   RO          814    .text               httpd.o
    0x080045d4   0x000002a0   Code   RO          845    .text               24c02.o
    0x08004874   0x00000200   Code   RO          861    .text               bsp_gpio.o
    0x08004a74   0x000003fc   Code   RO          877    .text               bsp_can.o
    0x08004e70   0x00000204   Code   RO          901    .text               bsp_adc.o
    0x08005074   0x0000041c   Code   RO          932    .text               bsp_sci.o
    0x08005490   0x00000254   Code   RO          956    .text               dma.o
    0x080056e4   0x0000008c   Code   RO          980    .text               flashdriver.o
    0x08005770   0x0000068c   Code   RO          998    .text               sst25vf016b.o
    0x08005dfc   0x0000002c   Code   RO         1014    .text               bsp_wdg.o
    0x08005e28   0x00000660   Code   RO         1030    .text               bsp_wifi.o
    0x08006488   0x000000e4   Code   RO         1065    .text               misc.o
    0x0800656c   0x00000474   Code   RO         1081    .text               stm32f4xx_adc.o
    0x080069e0   0x000009f4   Code   RO         1097    .text               stm32f4xx_can.o
    0x080073d4   0x000003b0   Code   RO         1241    .text               stm32f4xx_dma.o
    0x08007784   0x0000024c   Code   RO         1305    .text               stm32f4xx_gpio.o
    0x080079d0   0x0000041c   Code   RO         1369    .text               stm32f4xx_i2c.o
    0x08007dec   0x00000040   Code   RO         1385    .text               stm32f4xx_iwdg.o
    0x08007e2c   0x00000578   Code   RO         1417    .text               stm32f4xx_rcc.o
    0x080083a4   0x000000a0   Code   RO         1435    .text               stm32f4xx_rng.o
    0x08008444   0x00000400   Code   RO         1483    .text               stm32f4xx_spi.o
    0x08008844   0x0000008c   Code   RO         1499    .text               stm32f4xx_syscfg.o
    0x080088d0   0x00000c70   Code   RO         1515    .text               stm32f4xx_tim.o
    0x08009540   0x00000422   Code   RO         1531    .text               stm32f4xx_usart.o
    0x08009962   0x00000002   PAD
    0x08009964   0x00000024   Code   RO         1565    .text               startup_stm32f4xx.o
    0x08009988   0x000001fc   Code   RO         1570    .text               system_stm32f4xx.o
    0x08009b84   0x000000c4   Code   RO         1591    .text               os_cpu_a.o
    0x08009c48   0x0000014c   Code   RO         1595    .text               os_cpu_c.o
    0x08009d94   0x00000cec   Code   RO         1630    .text               os_core.o
    0x0800aa80   0x000007f8   Code   RO         1654    .text               os_flag.o
    0x0800b278   0x000001d4   Code   RO         1686    .text               os_mem.o
    0x0800b44c   0x000005e4   Code   RO         1718    .text               os_q.o
    0x0800ba30   0x000003a8   Code   RO         1734    .text               os_sem.o
    0x0800bdd8   0x0000083c   Code   RO         1750    .text               os_task.o
    0x0800c614   0x000001a4   Code   RO         1766    .text               os_time.o
    0x0800c7b8   0x000003c0   Code   RO         1842    .text               autoip.o
    0x0800cb78   0x00000200   Code   RO         1865    .text               icmp.o
    0x0800cd78   0x0000021c   Code   RO         1892    .text               inet.o
    0x0800cf94   0x00000156   Code   RO         1905    .text               inet_chksum.o
    0x0800d0ea   0x00000002   PAD
    0x0800d0ec   0x00000354   Code   RO         1924    .text               ip.o
    0x0800d440   0x0000004e   Code   RO         1954    .text               ip_addr.o
    0x0800d48e   0x00000002   PAD
    0x0800d490   0x000005e0   Code   RO         1976    .text               ip_frag.o
    0x0800da70   0x00001008   Code   RO         1994    .text               dhcp.o
    0x0800ea78   0x00000354   Code   RO         2048    .text               mem.o
    0x0800edcc   0x000000a8   Code   RO         2063    .text               memp.o
    0x0800ee74   0x0000021c   Code   RO         2093    .text               netif.o
    0x0800f090   0x000005a4   Code   RO         2115    .text               pbuf.o
    0x0800f634   0x000001a0   Code   RO         2127    .text               raw.o
    0x0800f7d4   0x00000bfc   Code   RO         2153    .text               tcp.o
    0x080103d0   0x0000128c   Code   RO         2174    .text               tcp_in.o
    0x0801165c   0x00000a9e   Code   RO         2194    .text               tcp_out.o
    0x080120fa   0x00000002   PAD
    0x080120fc   0x0000041c   Code   RO         2206    .text               udp.o
    0x08012518   0x0000096e   Code   RO         2235    .text               etharp.o
    0x08012e86   0x00000002   PAD
    0x08012e88   0x000001bc   Code   RO         2262    .text               ethernetif.o
    0x08013044   0x00000e48   Code   RO         2279    .text               stm32f4x7_eth.o
    0x08013e8c   0x00000254   Code   RO         2299    .text               can_stm32.o
    0x080140e0   0x00000368   Code   RO         2328    .text               canopenobjdictconfig.o
    0x08014448   0x000002ec   Code   RO         2388    .text               emcy.o
    0x08014734   0x00000454   Code   RO         2404    .text               lifegrd.o
    0x08014b88   0x00000088   Code   RO         2433    .text               nmtmaster.o
    0x08014c10   0x0000012a   Code   RO         2449    .text               nmtslave.o
    0x08014d3a   0x00000002   PAD
    0x08014d3c   0x00000364   Code   RO         2465    .text               objacces.o
    0x080150a0   0x00000a18   Code   RO         2481    .text               pdo.o
    0x08015ab8   0x00003b16   Code   RO         2497    .text               sdo.o
    0x080195ce   0x00000002   PAD
    0x080195d0   0x000004a0   Code   RO         2522    .text               segger_rtt.o
    0x08019a70   0x00000434   Code   RO         2541    .text               segger_rtt_printf.o
    0x08019ea4   0x00000488   Code   RO         2558    .text               states.o
    0x0801a32c   0x00000138   Code   RO         2575    .text               sync.o
    0x0801a464   0x000000d8   Code   RO         2591    .text               timer_stm32.o
    0x0801a53c   0x00000198   Code   RO         2612    .text               co_timer.o
    0x0801a6d4   0x000001b0   Code   RO         2635    .text               objdict.o
    0x0801a884   0x000000ac   Code   RO         2659    .text               systick.o
    0x0801a930   0x0000018c   Code   RO         2682    .text               timer.o
    0x0801aabc   0x000007c0   Code   RO         2723    .text               pagemake.o
    0x0801b27c   0x0000094c   Code   RO         2742    .text               shed_ctrl.o
    0x0801bbc8   0x000001ae   Code   RO         2761    .text               mbfunccoils.o
    0x0801bd76   0x000000ac   Code   RO         2801    .text               mbfuncdisc.o
    0x0801be22   0x00000210   Code   RO         2813    .text               mbfuncholding.o
    0x0801c032   0x0000008c   Code   RO         2825    .text               mbfuncinput.o
    0x0801c0be   0x00000002   PAD
    0x0801c0c0   0x00000094   Code   RO         2837    .text               mbfuncother.o
    0x0801c154   0x000000b0   Code   RO         2852    .text               mbutils.o
    0x0801c204   0x0000004c   Code   RO         2864    .text               portevent.o
    0x0801c250   0x000000a4   Code   RO         2914    .text               mbtcp.o
    0x0801c2f4   0x000002e0   Code   RO         2929    .text               mb.o
    0x0801c5d4   0x0000022c   Code   RO         2950    .text               porttcp.o
    0x0801c800   0x00000420   Code   RO         2972    .text               mbtcp_task.o
    0x0801cc20   0x00000062   Code   RO         2993    .text               mc_w.l(uldiv.o)
    0x0801cc82   0x00000024   Code   RO         2995    .text               mc_w.l(memcpya.o)
    0x0801cca6   0x00000026   Code   RO         2997    .text               mc_w.l(memseta.o)
    0x0801cccc   0x0000001c   Code   RO         2999    .text               mc_w.l(strcat.o)
    0x0801cce8   0x00000010   Code   RO         3001    .text               mc_w.l(strlen.o)
    0x0801ccf8   0x0000001c   Code   RO         3003    .text               mc_w.l(strcmp.o)
    0x0801cd14   0x0000001a   Code   RO         3005    .text               mc_w.l(memcmp.o)
    0x0801cd2e   0x00000012   Code   RO         3007    .text               mc_w.l(strcpy.o)
    0x0801cd40   0x0000001e   Code   RO         3009    .text               mc_w.l(strncmp.o)
    0x0801cd5e   0x000000e0   Code   RO         3274    .text               mf_w.l(dmul.o)
    0x0801ce3e   0x000000de   Code   RO         3276    .text               mf_w.l(ddiv.o)
    0x0801cf1c   0x0000001a   Code   RO         3278    .text               mf_w.l(dfltui.o)
    0x0801cf36   0x0000002c   Code   RO         3280    .text               mf_w.l(f2d.o)
    0x0801cf62   0x00000038   Code   RO         3282    .text               mf_w.l(d2f.o)
    0x0801cf9a   0x0000002c   Code   RO         3294    .text               mc_w.l(uidiv.o)
    0x0801cfc6   0x0000001e   Code   RO         3296    .text               mc_w.l(llshl.o)
    0x0801cfe4   0x00000020   Code   RO         3298    .text               mc_w.l(llushr.o)
    0x0801d004   0x00000000   Code   RO         3300    .text               mc_w.l(iusefp.o)
    0x0801d004   0x0000006c   Code   RO         3301    .text               mf_w.l(fepilogue.o)
    0x0801d070   0x000000be   Code   RO         3303    .text               mf_w.l(depilogue.o)
    0x0801d12e   0x0000014c   Code   RO         3305    .text               mf_w.l(dadd.o)
    0x0801d27a   0x00000030   Code   RO         3307    .text               mf_w.l(dfixul.o)
    0x0801d2aa   0x00000002   PAD
    0x0801d2ac   0x00000028   Code   RO         3309    .text               mf_w.l(cdrcmple.o)
    0x0801d2d4   0x00000024   Code   RO         3311    .text               mc_w.l(init.o)
    0x0801d2f8   0x00000000   Code   RO         3313    .text               mc_w.l(semi.o)
    0x0801d2f8   0x00000024   Code   RO         3314    .text               mc_w.l(llsshr.o)
    0x0801d31c   0x00000000   Code   RO         3316    .text               mc_w.l(iusesemip.o)
    0x0801d31c   0x00000060   Code   RO         3325    .text               mc_w.l(__dclz77c.o)
    0x0801d37c   0x00000020   Code   RO         3246    i.__0printf         mc_w.l(printfa.o)
    0x0801d39c   0x00000028   Code   RO         3248    i.__0sprintf        mc_w.l(printfa.o)
    0x0801d3c4   0x0000000e   Code   RO         3319    i.__scatterload_copy  mc_w.l(handlers.o)
    0x0801d3d2   0x00000002   Code   RO         3320    i.__scatterload_null  mc_w.l(handlers.o)
    0x0801d3d4   0x0000000e   Code   RO         3321    i.__scatterload_zeroinit  mc_w.l(handlers.o)
    0x0801d3e2   0x00000002   PAD
    0x0801d3e4   0x00000158   Code   RO         3253    i._fp_digits        mc_w.l(printfa.o)
    0x0801d53c   0x00000704   Code   RO         3254    i._printf_core      mc_w.l(printfa.o)
    0x0801dc40   0x00000026   Code   RO         3255    i._printf_post_padding  mc_w.l(printfa.o)
    0x0801dc66   0x00000030   Code   RO         3256    i._printf_pre_padding  mc_w.l(printfa.o)
    0x0801dc96   0x0000000a   Code   RO         3258    i._sputc            mc_w.l(printfa.o)
    0x0801dca0   0x00000012   Code   RO         3291    i.fputc             mc_w.l(fputc.o)
    0x0801dcb2   0x00000002   PAD
    0x0801dcb4   0x0000020c   Data   RO          555    .constdata          task_avchg.o
    0x0801dec0   0x00000016   Data   RO          615    .constdata          task_main.o
    0x0801ded6   0x00000002   PAD
    0x0801ded8   0x00006e3c   Data   RO          816    .constdata          httpd.o
    0x08024d14   0x00000168   Data   RO          879    .constdata          bsp_can.o
    0x08024e7c   0x00000100   Data   RO         1632    .constdata          os_core.o
    0x08024f7c   0x00000008   Data   RO         1955    .constdata          ip_addr.o
    0x08024f84   0x00000024   Data   RO         2065    .constdata          memp.o
    0x08024fa8   0x00000014   Data   RO         2154    .constdata          tcp.o
    0x08024fbc   0x0000000c   Data   RO         2237    .constdata          etharp.o
    0x08024fc8   0x00000053   Data   RO         2329    .constdata          canopenobjdictconfig.o
    0x0802501b   0x00000010   Data   RO         2542    .constdata          segger_rtt_printf.o
    0x0802502b   0x00000001   PAD
    0x0802502c   0x00000040   Data   RO         2559    .constdata          states.o
    0x0802506c   0x000000de   Data   RO         2637    .constdata          objdict.o
    0x0802514a   0x0000006e   Data   RO          817    .conststring        httpd.o
    0x080251b8   0x00000068   Data   RO         2155    .conststring        tcp.o
    0x08025220   0x00000009   Data   RO         2524    .conststring        segger_rtt.o
    0x08025229   0x00000003   PAD
    0x0802522c   0x00000020   Data   RO         3317    Region$$Table       anon$$obj.o


    Execution Region RW_IRAM1 (Base: 0x20000000, Size: 0x00018e58, Max: 0x00020000, ABSOLUTE, COMPRESSED[0x00000890])

    Base Addr    Size         Type   Attr      Idx    E Section Name        Object

    0x20000000   0x00000004   Data   RW            4    .data               main.o
    0x20000004   0x00000004   Data   RW          394    .data               task_test.o
    0x20000008   0x00000010   Data   RW          425    .data               appbmu.o
    0x20000018   0x00000018   Data   RW          469    .data               task_can1.o
    0x20000030   0x00000020   Data   RW          500    .data               task_can2.o
    0x20000050   0x0000007c   Data   RW          532    .data               task_adc.o
    0x200000cc   0x00000004   Data   RW          556    .data               task_avchg.o
    0x200000d0   0x00000018   Data   RW          616    .data               task_main.o
    0x200000e8   0x00000018   Data   RW          643    .data               task_syscheck.o
    0x20000100   0x00000004   Data   RW          670    .data               task_wifi.o
    0x20000104   0x0000000c   Data   RW          746    .data               netconf.o
    0x20000110   0x00000dd8   Data   RW          818    .data               httpd.o
    0x20000ee8   0x0000000e   Data   RW          880    .data               bsp_can.o
    0x20000ef6   0x00000001   Data   RW          903    .data               bsp_adc.o
    0x20000ef7   0x00000001   PAD
    0x20000ef8   0x00000016   Data   RW          934    .data               bsp_sci.o
    0x20000f0e   0x00000002   Data   RW          958    .data               dma.o
    0x20000f10   0x00000008   Data   RW          981    .data               flashdriver.o
    0x20000f18   0x00000002   Data   RW         1032    .data               bsp_wifi.o
    0x20000f1a   0x00000010   Data   RW         1418    .data               stm32f4xx_rcc.o
    0x20000f2a   0x00000002   PAD
    0x20000f2c   0x00000014   Data   RW         1571    .data               system_stm32f4xx.o
    0x20000f40   0x0000004c   Data   RW         1633    .data               os_core.o
    0x20000f8c   0x0000000c   Data   RW         1925    .data               ip.o
    0x20000f98   0x00000006   Data   RW         1978    .data               ip_frag.o
    0x20000f9e   0x00000002   PAD
    0x20000fa0   0x00000004   Data   RW         1995    .data               dhcp.o
    0x20000fa4   0x0000000d   Data   RW         2050    .data               mem.o
    0x20000fb1   0x00000003   PAD
    0x20000fb4   0x0000000c   Data   RW         2094    .data               netif.o
    0x20000fc0   0x00000004   Data   RW         2128    .data               raw.o
    0x20000fc4   0x0000004d   Data   RW         2156    .data               tcp.o
    0x20001011   0x00000003   PAD
    0x20001014   0x00000020   Data   RW         2176    .data               tcp_in.o
    0x20001034   0x00000004   Data   RW         2207    .data               udp.o
    0x20001038   0x00000001   Data   RW         2238    .data               etharp.o
    0x20001039   0x00000003   PAD
    0x2000103c   0x00000010   Data   RW         2281    .data               stm32f4x7_eth.o
    0x2000104c   0x00000001   Data   RW         2330    .data               canopenobjdictconfig.o
    0x2000104d   0x00000003   PAD
    0x20001050   0x00000079   Data   RW         2525    .data               segger_rtt.o
    0x200010c9   0x00000003   PAD
    0x200010cc   0x00000004   Data   RW         2592    .data               timer_stm32.o
    0x200010d0   0x0000000c   Data   RW         2614    .data               co_timer.o
    0x200010dc   0x00000b94   Data   RW         2638    .data               objdict.o
    0x20001c70   0x00000004   Data   RW         2660    .data               systick.o
    0x20001c74   0x00000008   Data   RW         2683    .data               timer.o
    0x20001c7c   0x00000004   Data   RW         2701    .data               globalvar.o
    0x20001c80   0x00000009   Data   RW         2744    .data               shed_ctrl.o
    0x20001c89   0x00000001   PAD
    0x20001c8a   0x00000002   Data   RW         2839    .data               mbfuncother.o
    0x20001c8c   0x00000002   Data   RW         2865    .data               portevent.o
    0x20001c8e   0x00000002   PAD
    0x20001c90   0x000000b8   Data   RW         2930    .data               mb.o
    0x20001d48   0x0000000a   Data   RW         2952    .data               porttcp.o
    0x20001d52   0x00000014   Data   RW         2974    .data               mbtcp_task.o
    0x20001d66   0x00000002   PAD
    0x20001d68   0x00000004   Data   RW         3293    .data               mc_w.l(stdout.o)
    0x20001d6c   0x00000960   Zero   RW            3    .bss                main.o
    0x200026cc   0x000015e0   Zero   RW          393    .bss                task_test.o
    0x20003cac   0x00001b00   Zero   RW          424    .bss                appbmu.o
    0x200057ac   0x00002580   Zero   RW          468    .bss                task_can1.o
    0x20007d2c   0x000012c0   Zero   RW          499    .bss                task_can2.o
    0x20008fec   0x00000054   Zero   RW          531    .bss                task_adc.o
    0x20009040   0x00000640   Zero   RW          554    .bss                task_avchg.o
    0x20009680   0x000022d8   Zero   RW          614    .bss                task_main.o
    0x2000b958   0x00000190   Zero   RW          642    .bss                task_syscheck.o
    0x2000bae8   0x00000640   Zero   RW          669    .bss                task_wifi.o
    0x2000c128   0x00000038   Zero   RW          745    .bss                netconf.o
    0x2000c160   0x00002334   Zero   RW          815    .bss                httpd.o
    0x2000e494   0x000004d8   Zero   RW          878    .bss                bsp_can.o
    0x2000e96c   0x00000040   Zero   RW          902    .bss                bsp_adc.o
    0x2000e9ac   0x00000800   Zero   RW          933    .bss                bsp_sci.o
    0x2000f1ac   0x00000800   Zero   RW          957    .bss                dma.o
    0x2000f9ac   0x00000200   Zero   RW         1031    .bss                bsp_wifi.o
    0x2000fbac   0x00000ea8   Zero   RW         1631    .bss                os_core.o
    0x20010a54   0x00000010   Zero   RW         1893    .bss                inet.o
    0x20010a64   0x000005e0   Zero   RW         1977    .bss                ip_frag.o
    0x20011044   0x00002814   Zero   RW         2049    .bss                mem.o
    0x20013858   0x00002437   Zero   RW         2064    .bss                memp.o
    0x20015c8f   0x00000001   PAD
    0x20015c90   0x00000014   Zero   RW         2175    .bss                tcp_in.o
    0x20015ca4   0x000000c8   Zero   RW         2236    .bss                etharp.o
    0x20015d6c   0x00002484   Zero   RW         2280    .bss                stm32f4x7_eth.o
    0x200181f0   0x00000410   Zero   RW         2523    .bss                segger_rtt.o
    0x20018600   0x000000c0   Zero   RW         2613    .bss                co_timer.o
    0x200186c0   0x00000090   Zero   RW         2636    .bss                objdict.o
    0x20018750   0x000000bc   Zero   RW         2743    .bss                shed_ctrl.o
    0x2001880c   0x00000020   Zero   RW         2838    .bss                mbfuncother.o
    0x2001882c   0x00000107   Zero   RW         2951    .bss                porttcp.o
    0x20018933   0x00000001   PAD
    0x20018934   0x00000124   Zero   RW         2973    .bss                mbtcp_task.o
    0x20018a58   0x00000400   Zero   RW         1562    STACK               startup_stm32f4xx.o


==============================================================================

Image component sizes


      Code (inc. data)   RO Data    RW Data    ZI Data      Debug   Object Name

       672         26          0          0          0       2576   24c02.o
      1680         30          0         16       6912       6260   appbmu.o
       484         26          0          0          0       1158   appconfig.o
       960         34          0          0          0       6657   autoip.o
       516         36          0          1         64      19767   bsp_adc.o
      1020         72        360         14       1240       3914   bsp_can.o
        84          8          0          0          0        479   bsp_global.o
       512         26          0          0          0       1169   bsp_gpio.o
      1052         64          0         22       2048       3832   bsp_sci.o
        44          0          0          0          0        548   bsp_wdg.o
      1632        360          0          2        512       4052   bsp_wifi.o
       596         12          0          0          0       1810   can_stm32.o
       872        196         83          1          0       3440   canopenobjdictconfig.o
       408         12          0         12        192       2930   co_timer.o
      4104         46          0          4          0      15535   dhcp.o
       596         36          0          2       2048       2108   dma.o
       748          0          0          0          0       3351   emcy.o
      2414         22         12          1        200       9846   etharp.o
       444         38          0          0          0       2960   ethernetif.o
       140          8          0          8          0       2210   flashdriver.o
         0          0          0          4          0        190   globalvar.o
      1208        160      28330       3544       9012       4925   httpd.o
       512          0          0          0          0       2646   icmp.o
       540         12          0          0         16       3376   inet.o
       342          0          0          0          0       5334   inet_chksum.o
       852         22          0         12          0       6794   ip.o
        78          0          8          0          0       5513   ip_addr.o
      1504         16          0          6       1504       6524   ip_frag.o
      1108         10          0          0          0       5343   lifegrd.o
       404        106          0          4       2400     414322   main.o
       736         72          0        184          0       4277   mb.o
       430          0          0          0          0       6351   mbfunccoils.o
       172          0          0          0          0       1484   mbfuncdisc.o
       528          0          0          0          0       3785   mbfuncholding.o
       140          0          0          0          0       1435   mbfuncinput.o
       148          8          0          2         32       1629   mbfuncother.o
       164          0          0          0          0       2223   mbtcp.o
      1056         36          0         20        292       3998   mbtcp_task.o
       176          0          0          0          0       1846   mbutils.o
       852         22          0         13      10260       3878   mem.o
       168         18         36          0       9271       2346   memp.o
       228         22          0          0          0       1749   misc.o
       164         30          0         12         56       9290   netconf.o
       540         20          0         12          0       5800   netif.o
       136          0          0          0          0       1309   nmtmaster.o
       298          0          0          0          0       1052   nmtslave.o
       376          0          0          0          0        701   nvic.o
       868         16          0          0          0       3848   objacces.o
       432         40        222       2964        144      11472   objdict.o
      3308        276        256         76       3752      19863   os_core.o
       196         32          0          0          0        272   os_cpu_a.o
       332         14          0          0          0       3348   os_cpu_c.o
      2040         42          0          0          0       7104   os_flag.o
       468         18          0          0          0       3164   os_mem.o
      1508         34          0          0          0       5669   os_q.o
       936         20          0          0          0       3982   os_sem.o
      2108         76          0          0          0       8017   os_task.o
       420         26          0          0          0       1818   os_time.o
      1984        550          0          0          0       1190   pagemake.o
      1444          0          0          0          0       6156   pbuf.o
      2584          6          0          0          0       7606   pdo.o
        76          8          0          2          0       1814   portevent.o
       556         32          0         10        263       3751   porttcp.o
       416          4          0          4          0       3569   raw.o
     15126        106          0          0          0      20254   sdo.o
      1184         10          9        121       1040       5409   segger_rtt.o
      1076          4         16          0          0       4403   segger_rtt_printf.o
      2380         58          0          9        188       2250   shed_ctrl.o
      1676         18          0          0          0       3777   sst25vf016b.o
        36          8        392          0       1024        796   startup_stm32f4xx.o
      1160         22         64          0          0       4179   states.o
      3656        114          0         16       9348      20268   stm32f4x7_eth.o
       484         26          0          0          0      19416   stm32f4x7_eth_bsp.o
      1140         30          0          0          0      10917   stm32f4xx_adc.o
      2548         38          0          0          0       8080   stm32f4xx_can.o
       944         32          0          0          0       6329   stm32f4xx_dma.o
       588         36          0          0          0       4033   stm32f4xx_gpio.o
      1052         26          0          0          0       8167   stm32f4xx_i2c.o
       556        286          0          0          0       2318   stm32f4xx_it.o
        64          6          0          0          0       1309   stm32f4xx_iwdg.o
      1400         46          0         16          0      10915   stm32f4xx_rcc.o
       160          4          0          0          0       1772   stm32f4xx_rng.o
      1024         20          0          0          0       6801   stm32f4xx_spi.o
       140         12          0          0          0       1643   stm32f4xx_syscfg.o
      3184         64          0          0          0      23016   stm32f4xx_tim.o
      1058         24          0          0          0       7804   stm32f4xx_usart.o
       312          6          0          0          0       2226   sync.o
       508         44          0         20          0       1739   system_stm32f4xx.o
       172         16          0          4          0       2116   systick.o
      1316         66          0        124         84       3711   task_adc.o
      1068         28        524          4       1600       3821   task_avchg.o
      1504         94          0         24       9600       2698   task_can1.o
      5700        330          0         32       4800      33822   task_can2.o
       344         16          0          0          0       1421   task_eflash.o
      1796        148         22         24       8920       6754   task_main.o
       260         38          0         24        400       1392   task_syscheck.o
         0          0          0          4       5600        548   task_test.o
        36          4          0          4       1600        940   task_wifi.o
      3068        114        124         77          0      18460   tcp.o
      4748        212          0         32         20      13300   tcp_in.o
      2718         12          0          0          0       7202   tcp_out.o
       396         28          0          8          0       1354   timer.o
       216          8          0          4          0       1663   timer_stm32.o
      1052         10          0          4          0      13795   udp.o

    ----------------------------------------------------------------------
    117380       4964      30496       7528      94444     986183   Object Totals
         0          0         32          0          0          0   (incl. Generated)
        16          0          6         25          2          0   (incl. Padding)

    ----------------------------------------------------------------------

      Code (inc. data)   RO Data    RW Data    ZI Data      Debug   Library Member Name

        96          0          0          0          0          0   __dclz77c.o
         0          0          0          0          0          0   entry.o
         8          4          0          0          0          0   entry2.o
         4          0          0          0          0          0   entry5.o
         0          0          0          0          0          0   entry7b.o
         8          4          0          0          0          0   entry8.o
        18          0          0          0          0         80   fputc.o
        30          0          0          0          0          0   handlers.o
        36          8          0          0          0         68   init.o
         0          0          0          0          0          0   iusefp.o
         0          0          0          0          0          0   iusesemip.o
        30          0          0          0          0         68   llshl.o
        36          0          0          0          0         68   llsshr.o
        32          0          0          0          0         68   llushr.o
        26          0          0          0          0         80   memcmp.o
        36          0          0          0          0         68   memcpya.o
        38          0          0          0          0        108   memseta.o
      2308         94          0          0          0        596   printfa.o
         0          0          0          0          0          0   semi.o
         0          0          0          4          0          0   stdout.o
        28          0          0          0          0         68   strcat.o
        28          0          0          0          0         76   strcmp.o
        18          0          0          0          0         68   strcpy.o
        16          0          0          0          0         68   strlen.o
        30          0          0          0          0         80   strncmp.o
        44          0          0          0          0         80   uidiv.o
        98          0          0          0          0         92   uldiv.o
        40          2          0          0          0         68   cdrcmple.o
        56          0          0          0          0         88   d2f.o
       332          0          0          0          0        148   dadd.o
       222          0          0          0          0        100   ddiv.o
       190          0          0          0          0        176   depilogue.o
        48          0          0          0          0         68   dfixul.o
        26          0          0          0          0         76   dfltui.o
       224          0          0          0          0         96   dmul.o
        44          0          0          0          0         68   f2d.o
       108          0          0          0          0        168   fepilogue.o

    ----------------------------------------------------------------------
      4264        112          0          4          0       2792   Library Totals
         6          0          0          0          0          0   (incl. Padding)

    ----------------------------------------------------------------------

      Code (inc. data)   RO Data    RW Data    ZI Data      Debug   Library Name

      2968        110          0          4          0       1736   mc_w.l
      1290          2          0          0          0       1056   mf_w.l

    ----------------------------------------------------------------------
      4264        112          0          4          0       2792   Library Totals

    ----------------------------------------------------------------------

==============================================================================


      Code (inc. data)   RO Data    RW Data    ZI Data      Debug   

    121644       5076      30496       7532      94444     967467   Grand Totals
    121644       5076      30496       2192      94444     967467   ELF Image Totals (compressed)
    121644       5076      30496       2192          0          0   ROM Totals

==============================================================================

    Total RO  Size (Code + RO Data)               152140 ( 148.57kB)
    Total RW  Size (RW Data + ZI Data)            101976 (  99.59kB)
    Total ROM Size (Code + RO Data + RW Data)     154332 ( 150.71kB)

==============================================================================

